node.exe : 'true' n´┐¢o ´┐¢ reconhecido como um comando 
interno
No linha:1 caractere:1
+ & "C:\Program Files\nodejs/node.exe" "C:\Program 
Files\nodejs/node_mo ...
+ ~~~~~~~~~~~~~~~~~~~~~~~~~~~~~~~~~~~~~~~~~~~~~~~~~~~~~~~
~~~~~~~~~~~~~~
    + CategoryInfo          : NotSpecified: ('true' n´┐¢ 
   o ´┐...comando interno:String) [], RemoteException
    + FullyQualifiedErrorId : NativeCommandError
 
ou externo, um programa oper´┐¢vel ou um arquivo em 
lotes.
FAIL .claude/worktrees/agent-a322846c/tests/packages/aiox
-install/integration.test.js
  Integration - Task 8.3: Local NPX Execution
    Package Structure Validation
      ÔêÜ should have valid package.json (1 ms)
      ÔêÜ should have all required files in package (1 
ms)
      ÔêÜ should have executable shebang in bin files
      ÔêÜ should have correct Node.js engine requirement 
(1 ms)
      ÔêÜ should have all required dependencies declared
      ÔêÜ should have publishConfig for public access
    CLI Execution Tests
      ÔêÜ should execute aiox-install --version via node 
(108 ms)
      ÔêÜ should execute edmcp --version via node (144 
ms)
      ÔêÜ should show help for aiox-install (114 ms)
      ÔêÜ should show help for edmcp (95 ms)
      ├ù should handle invalid arguments gracefully (105 
ms)
    Module Loading Tests
      ÔêÜ should be able to require installer module (57 
ms)
      ÔêÜ should be able to require os-detector module
      ÔêÜ should be able to require dep-checker module
      ÔêÜ should be able to require edmcp module (2 ms)
    NPX Local Execution Simulation
      Ôùï skipped should execute via npm exec (simulates 
npx .)
      Ôùï skipped should execute edmcp via npm exec
    Version Consistency
      ÔêÜ should have consistent version across 
package.json and CLI output (105 ms)

  ÔùÅ Integration - Task 8.3: Local NPX Execution ÔÇ║ 
CLI Execution Tests ÔÇ║ should handle invalid arguments 
gracefully

    Command failed: node "C:\Users\expea\.gemini\antigrav
ity\scratch\aiox-core\.claude\worktrees\agent-a322846c\pa
ckages\aiox-install\bin\aiox-install.js" --invalid-flag 
2>&1 || true
    'true' n´┐¢o ´┐¢ reconhecido como um comando interno
    ou externo, um programa oper´┐¢vel ou um arquivo em 
lotes.

    [0m [90m 179 |[39m
     [90m 180 |[39m       [90m// When[39m
    [31m[1m>[22m[39m[90m 181 |[39m       
[36mconst[39m result [33m=[39m execSync([32m`node 
"${binPath}" --invalid-flag 2>&1 || 
true`[39m[33m,[39m {
     [90m     |[39m                      
[31m[1m^[22m[39m
     [90m 182 |[39m         encoding[33m:[39m 
[32m'utf8'[39m[33m,[39m
     [90m 183 |[39m         timeout[33m:[39m 
[35m10000[39m[33m,[39m
     [90m 184 |[39m       })[33m;[39m[0m

      at Object.execSync (.claude/worktrees/agent-a322846
c/tests/packages/aiox-install/integration.test.js:181:22)

PASS tests/packages/aiox-install/integration.test.js
  Integration - Task 8.3: Local NPX Execution
    Package Structure Validation
      ÔêÜ should have valid package.json (1 ms)
      ÔêÜ should have all required files in package (1 
ms)
      ÔêÜ should have executable shebang in bin files
      ÔêÜ should have correct Node.js engine requirement 
(1 ms)
      ÔêÜ should have all required dependencies declared
      ÔêÜ should have publishConfig for public access (1 
ms)
    CLI Execution Tests
      ÔêÜ should execute aiox-install --version via node 
(113 ms)
      ÔêÜ should execute edmcp --version via node (91 ms)
      ÔêÜ should show help for aiox-install (105 ms)
      ÔêÜ should show help for edmcp (90 ms)
      ÔêÜ should handle invalid arguments gracefully 
(104 ms)
    Module Loading Tests
      ÔêÜ should be able to require installer module (18 
ms)
      ÔêÜ should be able to require os-detector module
      ÔêÜ should be able to require dep-checker module
      ÔêÜ should be able to require edmcp module (2 ms)
    NPX Local Execution Simulation
      Ôùï skipped should execute via npm exec (simulates 
npx .)
      Ôùï skipped should execute edmcp via npm exec
    Version Consistency
      ÔêÜ should have consistent version across 
package.json and CLI output (99 ms)

Test Suites: 1 failed, 1 passed, 2 total
Tests:       1 failed, 4 skipped, 31 passed, 36 total
Snapshots:   0 total
Time:        1.564 s
Ran all test suites matching 
tests/packages/aiox-install/integration.test.js.
